¨Ì sr java.util.HashMap⁄¡√`— F 
loadFactorI 	thresholdxp?@     w      t test2sr java.util.ArrayListxÅ“ô«aù I sizexp   w   sr +com.ensate.chatapp.client.model.UserMessage8ﬂyìiÄ≠ Z readL messaget Ljava/lang/String;L senderq ~ L tt Ljava/time/LocalDateTime;xpt heyq ~ sr java.time.Serï]Ñ∫"H≤  xpw  Â8Ä∞xsq ~ t hey mant yousq ~ 
w  Â	#yD∞xsq ~ t what you doing mate q ~ sq ~ 
w  Â"rHxsq ~ t what have some fun q ~ sq ~ 
w  Â/ªwòxsq ~ t adsfaasdt test2sq ~ 
w  Â
(Ïê xsq ~ t√Lorem ipsum dolor sit amet, consectetur adipiscing elit, sed do eiusm
od tempor incididunt ut labore et dolore magna aliqua. Ut enim ad min
im veniam, quis nostrud exercitation ullamco laboris nisi ut aliquip 
ex ea commodo consequat. Duis aute irure dolor in reprehenderit in vo
luptate velit esse cillum dolore eu fugiat nulla pariatur. Excepteur 
sint occaecat cupidatat non proident, sunt in culpa qui officia deser
unt mollit anim id est laborum.t test2sq ~ 
w  Â#)][ xxx